--------------------------------------------------------------------------------
Release 14.7 Trace  (lin64)
Copyright (c) 1995-2013 Xilinx, Inc.  All rights reserved.

/opt/Xilinx/14.7/ISE_DS/ISE/bin/lin64/unwrapped/trce -intstyle ise -v 3 -s 2 -n
3 -fastpaths -xml EXE.twx EXE.ncd -o EXE.twr EXE.pcf

Design file:              EXE.ncd
Physical constraint file: EXE.pcf
Device,package,speed:     xa6slx100,fgg484,I,-2 (PRODUCTION 1.23 2016-11-22)
Report level:             verbose report

Environment Variable      Effect 
--------------------      ------ 
NONE                      No environment variables were set
--------------------------------------------------------------------------------

INFO:Timing:2698 - No timing constraints found, doing default enumeration.
INFO:Timing:3412 - To improve timing, see the Timing Closure User Guide (UG612).
INFO:Timing:2752 - To get complete path coverage, use the unconstrained paths 
   option. All paths that are not constrained will be reported in the 
   unconstrained paths section(s) of the report.
INFO:Timing:3339 - The clock-to-out numbers in this timing report are based on 
   a 50 Ohm transmission line loading model.  For the details of this model, 
   and for more information on accounting for different loading conditions, 
   please see the device datasheet.



Data Sheet report:
-----------------
All values displayed in nanoseconds (ns)

Pad to Pad
---------------+---------------+---------+
Source Pad     |Destination Pad|  Delay  |
---------------+---------------+---------+
aluop_i<0>     |wdata_o<0>     |   21.107|
aluop_i<0>     |wdata_o<1>     |   20.738|
aluop_i<0>     |wdata_o<2>     |   20.659|
aluop_i<0>     |wdata_o<3>     |   20.548|
aluop_i<0>     |wdata_o<4>     |   20.617|
aluop_i<0>     |wdata_o<5>     |   20.715|
aluop_i<0>     |wdata_o<6>     |   20.041|
aluop_i<0>     |wdata_o<7>     |   18.852|
aluop_i<0>     |wdata_o<8>     |   19.118|
aluop_i<0>     |wdata_o<9>     |   18.698|
aluop_i<0>     |wdata_o<10>    |   19.122|
aluop_i<0>     |wdata_o<11>    |   20.168|
aluop_i<0>     |wdata_o<12>    |   17.981|
aluop_i<0>     |wdata_o<13>    |   18.335|
aluop_i<0>     |wdata_o<14>    |   18.568|
aluop_i<0>     |wdata_o<15>    |   17.802|
aluop_i<0>     |wdata_o<16>    |   18.801|
aluop_i<0>     |wdata_o<17>    |   16.999|
aluop_i<0>     |wdata_o<18>    |   17.585|
aluop_i<0>     |wdata_o<19>    |   17.732|
aluop_i<0>     |wdata_o<20>    |   19.831|
aluop_i<0>     |wdata_o<21>    |   18.282|
aluop_i<0>     |wdata_o<22>    |   20.968|
aluop_i<0>     |wdata_o<23>    |   19.013|
aluop_i<0>     |wdata_o<24>    |   18.027|
aluop_i<0>     |wdata_o<25>    |   19.564|
aluop_i<0>     |wdata_o<26>    |   18.567|
aluop_i<0>     |wdata_o<27>    |   19.931|
aluop_i<0>     |wdata_o<28>    |   20.763|
aluop_i<0>     |wdata_o<29>    |   18.534|
aluop_i<0>     |wdata_o<30>    |   20.642|
aluop_i<0>     |wdata_o<31>    |   18.294|
aluop_i<1>     |wdata_o<0>     |   20.545|
aluop_i<1>     |wdata_o<1>     |   20.331|
aluop_i<1>     |wdata_o<2>     |   20.066|
aluop_i<1>     |wdata_o<3>     |   20.328|
aluop_i<1>     |wdata_o<4>     |   20.028|
aluop_i<1>     |wdata_o<5>     |   20.160|
aluop_i<1>     |wdata_o<6>     |   19.448|
aluop_i<1>     |wdata_o<7>     |   18.287|
aluop_i<1>     |wdata_o<8>     |   18.892|
aluop_i<1>     |wdata_o<9>     |   15.681|
aluop_i<1>     |wdata_o<10>    |   18.627|
aluop_i<1>     |wdata_o<11>    |   19.551|
aluop_i<1>     |wdata_o<12>    |   17.571|
aluop_i<1>     |wdata_o<13>    |   17.691|
aluop_i<1>     |wdata_o<14>    |   18.187|
aluop_i<1>     |wdata_o<15>    |   17.418|
aluop_i<1>     |wdata_o<16>    |   18.328|
aluop_i<1>     |wdata_o<17>    |   16.524|
aluop_i<1>     |wdata_o<18>    |   17.202|
aluop_i<1>     |wdata_o<19>    |   17.382|
aluop_i<1>     |wdata_o<20>    |   19.235|
aluop_i<1>     |wdata_o<21>    |   17.630|
aluop_i<1>     |wdata_o<22>    |   20.388|
aluop_i<1>     |wdata_o<23>    |   18.448|
aluop_i<1>     |wdata_o<24>    |   17.636|
aluop_i<1>     |wdata_o<25>    |   18.451|
aluop_i<1>     |wdata_o<26>    |   17.911|
aluop_i<1>     |wdata_o<27>    |   19.399|
aluop_i<1>     |wdata_o<28>    |   20.201|
aluop_i<1>     |wdata_o<29>    |   18.212|
aluop_i<1>     |wdata_o<30>    |   20.629|
aluop_i<1>     |wdata_o<31>    |   17.607|
aluop_i<2>     |wdata_o<0>     |   20.977|
aluop_i<2>     |wdata_o<1>     |   20.608|
aluop_i<2>     |wdata_o<2>     |   20.529|
aluop_i<2>     |wdata_o<3>     |   20.418|
aluop_i<2>     |wdata_o<4>     |   20.487|
aluop_i<2>     |wdata_o<5>     |   20.585|
aluop_i<2>     |wdata_o<6>     |   19.911|
aluop_i<2>     |wdata_o<7>     |   18.722|
aluop_i<2>     |wdata_o<8>     |   18.988|
aluop_i<2>     |wdata_o<9>     |   18.568|
aluop_i<2>     |wdata_o<10>    |   18.992|
aluop_i<2>     |wdata_o<11>    |   20.038|
aluop_i<2>     |wdata_o<12>    |   17.851|
aluop_i<2>     |wdata_o<13>    |   18.205|
aluop_i<2>     |wdata_o<14>    |   18.438|
aluop_i<2>     |wdata_o<15>    |   17.672|
aluop_i<2>     |wdata_o<16>    |   18.671|
aluop_i<2>     |wdata_o<17>    |   16.869|
aluop_i<2>     |wdata_o<18>    |   17.455|
aluop_i<2>     |wdata_o<19>    |   17.602|
aluop_i<2>     |wdata_o<20>    |   19.701|
aluop_i<2>     |wdata_o<21>    |   18.152|
aluop_i<2>     |wdata_o<22>    |   20.838|
aluop_i<2>     |wdata_o<23>    |   18.883|
aluop_i<2>     |wdata_o<24>    |   17.897|
aluop_i<2>     |wdata_o<25>    |   19.434|
aluop_i<2>     |wdata_o<26>    |   18.437|
aluop_i<2>     |wdata_o<27>    |   19.801|
aluop_i<2>     |wdata_o<28>    |   20.633|
aluop_i<2>     |wdata_o<29>    |   18.404|
aluop_i<2>     |wdata_o<30>    |   20.512|
aluop_i<2>     |wdata_o<31>    |   18.164|
aluop_i<3>     |wdata_o<0>     |   20.533|
aluop_i<3>     |wdata_o<1>     |   20.319|
aluop_i<3>     |wdata_o<2>     |   20.054|
aluop_i<3>     |wdata_o<3>     |   20.316|
aluop_i<3>     |wdata_o<4>     |   20.016|
aluop_i<3>     |wdata_o<5>     |   20.148|
aluop_i<3>     |wdata_o<6>     |   19.436|
aluop_i<3>     |wdata_o<7>     |   18.275|
aluop_i<3>     |wdata_o<8>     |   18.880|
aluop_i<3>     |wdata_o<9>     |   15.669|
aluop_i<3>     |wdata_o<10>    |   18.615|
aluop_i<3>     |wdata_o<11>    |   19.539|
aluop_i<3>     |wdata_o<12>    |   17.559|
aluop_i<3>     |wdata_o<13>    |   17.679|
aluop_i<3>     |wdata_o<14>    |   18.175|
aluop_i<3>     |wdata_o<15>    |   17.406|
aluop_i<3>     |wdata_o<16>    |   18.316|
aluop_i<3>     |wdata_o<17>    |   16.512|
aluop_i<3>     |wdata_o<18>    |   17.190|
aluop_i<3>     |wdata_o<19>    |   17.370|
aluop_i<3>     |wdata_o<20>    |   19.223|
aluop_i<3>     |wdata_o<21>    |   17.618|
aluop_i<3>     |wdata_o<22>    |   20.376|
aluop_i<3>     |wdata_o<23>    |   18.436|
aluop_i<3>     |wdata_o<24>    |   17.624|
aluop_i<3>     |wdata_o<25>    |   18.439|
aluop_i<3>     |wdata_o<26>    |   17.899|
aluop_i<3>     |wdata_o<27>    |   19.387|
aluop_i<3>     |wdata_o<28>    |   20.189|
aluop_i<3>     |wdata_o<29>    |   18.200|
aluop_i<3>     |wdata_o<30>    |   20.617|
aluop_i<3>     |wdata_o<31>    |   17.595|
aluop_i<4>     |wdata_o<0>     |   20.545|
aluop_i<4>     |wdata_o<1>     |   20.331|
aluop_i<4>     |wdata_o<2>     |   20.066|
aluop_i<4>     |wdata_o<3>     |   20.328|
aluop_i<4>     |wdata_o<4>     |   20.028|
aluop_i<4>     |wdata_o<5>     |   20.160|
aluop_i<4>     |wdata_o<6>     |   19.448|
aluop_i<4>     |wdata_o<7>     |   18.287|
aluop_i<4>     |wdata_o<8>     |   18.892|
aluop_i<4>     |wdata_o<9>     |   15.681|
aluop_i<4>     |wdata_o<10>    |   18.627|
aluop_i<4>     |wdata_o<11>    |   19.551|
aluop_i<4>     |wdata_o<12>    |   17.571|
aluop_i<4>     |wdata_o<13>    |   17.691|
aluop_i<4>     |wdata_o<14>    |   18.187|
aluop_i<4>     |wdata_o<15>    |   17.418|
aluop_i<4>     |wdata_o<16>    |   18.328|
aluop_i<4>     |wdata_o<17>    |   16.524|
aluop_i<4>     |wdata_o<18>    |   17.202|
aluop_i<4>     |wdata_o<19>    |   17.382|
aluop_i<4>     |wdata_o<20>    |   19.235|
aluop_i<4>     |wdata_o<21>    |   17.630|
aluop_i<4>     |wdata_o<22>    |   20.388|
aluop_i<4>     |wdata_o<23>    |   18.448|
aluop_i<4>     |wdata_o<24>    |   17.636|
aluop_i<4>     |wdata_o<25>    |   18.451|
aluop_i<4>     |wdata_o<26>    |   17.911|
aluop_i<4>     |wdata_o<27>    |   19.399|
aluop_i<4>     |wdata_o<28>    |   20.201|
aluop_i<4>     |wdata_o<29>    |   18.212|
aluop_i<4>     |wdata_o<30>    |   20.629|
aluop_i<4>     |wdata_o<31>    |   17.607|
aluop_i<5>     |wdata_o<0>     |   20.832|
aluop_i<5>     |wdata_o<1>     |   20.463|
aluop_i<5>     |wdata_o<2>     |   20.384|
aluop_i<5>     |wdata_o<3>     |   20.273|
aluop_i<5>     |wdata_o<4>     |   20.342|
aluop_i<5>     |wdata_o<5>     |   20.440|
aluop_i<5>     |wdata_o<6>     |   19.766|
aluop_i<5>     |wdata_o<7>     |   18.577|
aluop_i<5>     |wdata_o<8>     |   18.843|
aluop_i<5>     |wdata_o<9>     |   18.423|
aluop_i<5>     |wdata_o<10>    |   18.847|
aluop_i<5>     |wdata_o<11>    |   19.893|
aluop_i<5>     |wdata_o<12>    |   17.706|
aluop_i<5>     |wdata_o<13>    |   18.060|
aluop_i<5>     |wdata_o<14>    |   18.293|
aluop_i<5>     |wdata_o<15>    |   17.527|
aluop_i<5>     |wdata_o<16>    |   18.526|
aluop_i<5>     |wdata_o<17>    |   16.724|
aluop_i<5>     |wdata_o<18>    |   17.310|
aluop_i<5>     |wdata_o<19>    |   17.457|
aluop_i<5>     |wdata_o<20>    |   19.556|
aluop_i<5>     |wdata_o<21>    |   18.007|
aluop_i<5>     |wdata_o<22>    |   20.693|
aluop_i<5>     |wdata_o<23>    |   18.738|
aluop_i<5>     |wdata_o<24>    |   17.752|
aluop_i<5>     |wdata_o<25>    |   19.289|
aluop_i<5>     |wdata_o<26>    |   18.292|
aluop_i<5>     |wdata_o<27>    |   19.656|
aluop_i<5>     |wdata_o<28>    |   20.488|
aluop_i<5>     |wdata_o<29>    |   18.259|
aluop_i<5>     |wdata_o<30>    |   20.367|
aluop_i<5>     |wdata_o<31>    |   18.019|
aluop_i<6>     |wdata_o<0>     |   20.893|
aluop_i<6>     |wdata_o<1>     |   20.679|
aluop_i<6>     |wdata_o<2>     |   20.414|
aluop_i<6>     |wdata_o<3>     |   20.676|
aluop_i<6>     |wdata_o<4>     |   20.376|
aluop_i<6>     |wdata_o<5>     |   20.508|
aluop_i<6>     |wdata_o<6>     |   19.796|
aluop_i<6>     |wdata_o<7>     |   18.635|
aluop_i<6>     |wdata_o<8>     |   19.240|
aluop_i<6>     |wdata_o<9>     |   16.029|
aluop_i<6>     |wdata_o<10>    |   18.975|
aluop_i<6>     |wdata_o<11>    |   19.899|
aluop_i<6>     |wdata_o<12>    |   17.919|
aluop_i<6>     |wdata_o<13>    |   18.039|
aluop_i<6>     |wdata_o<14>    |   18.535|
aluop_i<6>     |wdata_o<15>    |   17.766|
aluop_i<6>     |wdata_o<16>    |   18.676|
aluop_i<6>     |wdata_o<17>    |   16.872|
aluop_i<6>     |wdata_o<18>    |   17.550|
aluop_i<6>     |wdata_o<19>    |   17.730|
aluop_i<6>     |wdata_o<20>    |   19.583|
aluop_i<6>     |wdata_o<21>    |   17.978|
aluop_i<6>     |wdata_o<22>    |   20.736|
aluop_i<6>     |wdata_o<23>    |   18.796|
aluop_i<6>     |wdata_o<24>    |   17.984|
aluop_i<6>     |wdata_o<25>    |   18.799|
aluop_i<6>     |wdata_o<26>    |   18.259|
aluop_i<6>     |wdata_o<27>    |   19.747|
aluop_i<6>     |wdata_o<28>    |   20.549|
aluop_i<6>     |wdata_o<29>    |   18.560|
aluop_i<6>     |wdata_o<30>    |   20.977|
aluop_i<6>     |wdata_o<31>    |   17.955|
aluop_i<7>     |wdata_o<0>     |   20.932|
aluop_i<7>     |wdata_o<1>     |   20.718|
aluop_i<7>     |wdata_o<2>     |   20.453|
aluop_i<7>     |wdata_o<3>     |   20.715|
aluop_i<7>     |wdata_o<4>     |   20.415|
aluop_i<7>     |wdata_o<5>     |   20.547|
aluop_i<7>     |wdata_o<6>     |   19.835|
aluop_i<7>     |wdata_o<7>     |   18.674|
aluop_i<7>     |wdata_o<8>     |   19.279|
aluop_i<7>     |wdata_o<9>     |   16.068|
aluop_i<7>     |wdata_o<10>    |   19.014|
aluop_i<7>     |wdata_o<11>    |   19.938|
aluop_i<7>     |wdata_o<12>    |   17.958|
aluop_i<7>     |wdata_o<13>    |   18.078|
aluop_i<7>     |wdata_o<14>    |   18.574|
aluop_i<7>     |wdata_o<15>    |   17.805|
aluop_i<7>     |wdata_o<16>    |   18.715|
aluop_i<7>     |wdata_o<17>    |   16.911|
aluop_i<7>     |wdata_o<18>    |   17.589|
aluop_i<7>     |wdata_o<19>    |   17.769|
aluop_i<7>     |wdata_o<20>    |   19.622|
aluop_i<7>     |wdata_o<21>    |   18.017|
aluop_i<7>     |wdata_o<22>    |   20.775|
aluop_i<7>     |wdata_o<23>    |   18.835|
aluop_i<7>     |wdata_o<24>    |   18.023|
aluop_i<7>     |wdata_o<25>    |   18.838|
aluop_i<7>     |wdata_o<26>    |   18.298|
aluop_i<7>     |wdata_o<27>    |   19.786|
aluop_i<7>     |wdata_o<28>    |   20.588|
aluop_i<7>     |wdata_o<29>    |   18.599|
aluop_i<7>     |wdata_o<30>    |   21.016|
aluop_i<7>     |wdata_o<31>    |   17.994|
alusel_i<0>    |wdata_o<0>     |   20.087|
alusel_i<0>    |wdata_o<1>     |   19.718|
alusel_i<0>    |wdata_o<2>     |   19.639|
alusel_i<0>    |wdata_o<3>     |   19.528|
alusel_i<0>    |wdata_o<4>     |   19.597|
alusel_i<0>    |wdata_o<5>     |   19.695|
alusel_i<0>    |wdata_o<6>     |   19.021|
alusel_i<0>    |wdata_o<7>     |   17.832|
alusel_i<0>    |wdata_o<8>     |   18.098|
alusel_i<0>    |wdata_o<9>     |   17.678|
alusel_i<0>    |wdata_o<10>    |   18.102|
alusel_i<0>    |wdata_o<11>    |   19.148|
alusel_i<0>    |wdata_o<12>    |   16.961|
alusel_i<0>    |wdata_o<13>    |   17.315|
alusel_i<0>    |wdata_o<14>    |   17.548|
alusel_i<0>    |wdata_o<15>    |   16.782|
alusel_i<0>    |wdata_o<16>    |   17.781|
alusel_i<0>    |wdata_o<17>    |   15.979|
alusel_i<0>    |wdata_o<18>    |   16.565|
alusel_i<0>    |wdata_o<19>    |   16.712|
alusel_i<0>    |wdata_o<20>    |   18.811|
alusel_i<0>    |wdata_o<21>    |   17.262|
alusel_i<0>    |wdata_o<22>    |   19.948|
alusel_i<0>    |wdata_o<23>    |   17.993|
alusel_i<0>    |wdata_o<24>    |   17.007|
alusel_i<0>    |wdata_o<25>    |   18.544|
alusel_i<0>    |wdata_o<26>    |   17.547|
alusel_i<0>    |wdata_o<27>    |   18.911|
alusel_i<0>    |wdata_o<28>    |   19.743|
alusel_i<0>    |wdata_o<29>    |   17.514|
alusel_i<0>    |wdata_o<30>    |   19.622|
alusel_i<0>    |wdata_o<31>    |   17.274|
alusel_i<1>    |wdata_o<0>     |   20.668|
alusel_i<1>    |wdata_o<1>     |   20.299|
alusel_i<1>    |wdata_o<2>     |   20.220|
alusel_i<1>    |wdata_o<3>     |   20.109|
alusel_i<1>    |wdata_o<4>     |   20.178|
alusel_i<1>    |wdata_o<5>     |   20.276|
alusel_i<1>    |wdata_o<6>     |   19.602|
alusel_i<1>    |wdata_o<7>     |   18.413|
alusel_i<1>    |wdata_o<8>     |   18.679|
alusel_i<1>    |wdata_o<9>     |   18.259|
alusel_i<1>    |wdata_o<10>    |   18.683|
alusel_i<1>    |wdata_o<11>    |   19.729|
alusel_i<1>    |wdata_o<12>    |   17.542|
alusel_i<1>    |wdata_o<13>    |   17.896|
alusel_i<1>    |wdata_o<14>    |   18.129|
alusel_i<1>    |wdata_o<15>    |   17.363|
alusel_i<1>    |wdata_o<16>    |   18.362|
alusel_i<1>    |wdata_o<17>    |   16.560|
alusel_i<1>    |wdata_o<18>    |   17.146|
alusel_i<1>    |wdata_o<19>    |   17.293|
alusel_i<1>    |wdata_o<20>    |   19.392|
alusel_i<1>    |wdata_o<21>    |   17.843|
alusel_i<1>    |wdata_o<22>    |   20.529|
alusel_i<1>    |wdata_o<23>    |   18.574|
alusel_i<1>    |wdata_o<24>    |   17.588|
alusel_i<1>    |wdata_o<25>    |   19.125|
alusel_i<1>    |wdata_o<26>    |   18.128|
alusel_i<1>    |wdata_o<27>    |   19.492|
alusel_i<1>    |wdata_o<28>    |   20.324|
alusel_i<1>    |wdata_o<29>    |   18.095|
alusel_i<1>    |wdata_o<30>    |   20.203|
alusel_i<1>    |wdata_o<31>    |   17.855|
alusel_i<2>    |wdata_o<0>     |   20.020|
alusel_i<2>    |wdata_o<1>     |   19.651|
alusel_i<2>    |wdata_o<2>     |   19.572|
alusel_i<2>    |wdata_o<3>     |   19.461|
alusel_i<2>    |wdata_o<4>     |   19.530|
alusel_i<2>    |wdata_o<5>     |   19.628|
alusel_i<2>    |wdata_o<6>     |   18.954|
alusel_i<2>    |wdata_o<7>     |   17.765|
alusel_i<2>    |wdata_o<8>     |   18.031|
alusel_i<2>    |wdata_o<9>     |   17.611|
alusel_i<2>    |wdata_o<10>    |   18.035|
alusel_i<2>    |wdata_o<11>    |   19.081|
alusel_i<2>    |wdata_o<12>    |   16.894|
alusel_i<2>    |wdata_o<13>    |   17.248|
alusel_i<2>    |wdata_o<14>    |   17.481|
alusel_i<2>    |wdata_o<15>    |   16.715|
alusel_i<2>    |wdata_o<16>    |   17.714|
alusel_i<2>    |wdata_o<17>    |   15.912|
alusel_i<2>    |wdata_o<18>    |   16.498|
alusel_i<2>    |wdata_o<19>    |   16.645|
alusel_i<2>    |wdata_o<20>    |   18.744|
alusel_i<2>    |wdata_o<21>    |   17.195|
alusel_i<2>    |wdata_o<22>    |   19.881|
alusel_i<2>    |wdata_o<23>    |   17.926|
alusel_i<2>    |wdata_o<24>    |   16.940|
alusel_i<2>    |wdata_o<25>    |   18.477|
alusel_i<2>    |wdata_o<26>    |   17.480|
alusel_i<2>    |wdata_o<27>    |   18.844|
alusel_i<2>    |wdata_o<28>    |   19.676|
alusel_i<2>    |wdata_o<29>    |   17.447|
alusel_i<2>    |wdata_o<30>    |   19.555|
alusel_i<2>    |wdata_o<31>    |   17.207|
reg1_i<0>      |wdata_o<0>     |   17.475|
reg1_i<1>      |wdata_o<1>     |   17.319|
reg1_i<2>      |wdata_o<2>     |   18.389|
reg1_i<3>      |wdata_o<3>     |   17.634|
reg1_i<4>      |wdata_o<4>     |   17.633|
reg1_i<5>      |wdata_o<5>     |   16.824|
reg1_i<6>      |wdata_o<6>     |   16.998|
reg1_i<7>      |wdata_o<7>     |   16.391|
reg1_i<8>      |wdata_o<8>     |   15.326|
reg1_i<9>      |wdata_o<9>     |   13.642|
reg1_i<10>     |wdata_o<10>    |   14.888|
reg1_i<11>     |wdata_o<11>    |   15.072|
reg1_i<12>     |wdata_o<12>    |   14.599|
reg1_i<13>     |wdata_o<13>    |   14.566|
reg1_i<14>     |wdata_o<14>    |   14.374|
reg1_i<15>     |wdata_o<15>    |   13.940|
reg1_i<16>     |wdata_o<16>    |   14.213|
reg1_i<17>     |wdata_o<17>    |   13.362|
reg1_i<18>     |wdata_o<18>    |   13.674|
reg1_i<19>     |wdata_o<19>    |   13.048|
reg1_i<20>     |wdata_o<20>    |   13.528|
reg1_i<21>     |wdata_o<21>    |   13.620|
reg1_i<22>     |wdata_o<22>    |   14.094|
reg1_i<23>     |wdata_o<23>    |   13.769|
reg1_i<24>     |wdata_o<24>    |   13.946|
reg1_i<25>     |wdata_o<25>    |   14.334|
reg1_i<26>     |wdata_o<26>    |   14.356|
reg1_i<27>     |wdata_o<27>    |   14.365|
reg1_i<28>     |wdata_o<28>    |   14.686|
reg1_i<29>     |wdata_o<29>    |   14.639|
reg1_i<30>     |wdata_o<30>    |   15.097|
reg1_i<31>     |wdata_o<31>    |   14.154|
reg2_i<0>      |wdata_o<0>     |   17.195|
reg2_i<1>      |wdata_o<1>     |   16.564|
reg2_i<2>      |wdata_o<2>     |   16.372|
reg2_i<3>      |wdata_o<3>     |   16.680|
reg2_i<4>      |wdata_o<4>     |   16.294|
reg2_i<5>      |wdata_o<5>     |   16.472|
reg2_i<6>      |wdata_o<6>     |   16.523|
reg2_i<7>      |wdata_o<7>     |   15.678|
reg2_i<8>      |wdata_o<8>     |   16.310|
reg2_i<9>      |wdata_o<9>     |   19.349|
reg2_i<10>     |wdata_o<10>    |   15.391|
reg2_i<11>     |wdata_o<11>    |   15.169|
reg2_i<12>     |wdata_o<12>    |   15.601|
reg2_i<13>     |wdata_o<13>    |   15.562|
reg2_i<14>     |wdata_o<14>    |   14.858|
reg2_i<15>     |wdata_o<15>    |   15.576|
reg2_i<16>     |wdata_o<16>    |   16.043|
reg2_i<17>     |wdata_o<17>    |   15.845|
reg2_i<18>     |wdata_o<18>    |   16.262|
reg2_i<19>     |wdata_o<19>    |   15.398|
reg2_i<20>     |wdata_o<20>    |   15.983|
reg2_i<21>     |wdata_o<21>    |   17.141|
reg2_i<22>     |wdata_o<22>    |   16.440|
reg2_i<23>     |wdata_o<23>    |   15.242|
reg2_i<24>     |wdata_o<24>    |   15.094|
reg2_i<25>     |wdata_o<25>    |   16.982|
reg2_i<26>     |wdata_o<26>    |   15.789|
reg2_i<27>     |wdata_o<27>    |   15.693|
reg2_i<28>     |wdata_o<28>    |   15.820|
reg2_i<29>     |wdata_o<29>    |   16.031|
reg2_i<30>     |wdata_o<30>    |   16.249|
reg2_i<31>     |wdata_o<31>    |   16.158|
resetn         |wdata_o<0>     |   21.028|
resetn         |wdata_o<1>     |   20.814|
resetn         |wdata_o<2>     |   20.549|
resetn         |wdata_o<3>     |   20.811|
resetn         |wdata_o<4>     |   20.511|
resetn         |wdata_o<5>     |   20.643|
resetn         |wdata_o<6>     |   19.931|
resetn         |wdata_o<7>     |   18.770|
resetn         |wdata_o<8>     |   19.375|
resetn         |wdata_o<9>     |   16.164|
resetn         |wdata_o<10>    |   19.110|
resetn         |wdata_o<11>    |   20.034|
resetn         |wdata_o<12>    |   18.054|
resetn         |wdata_o<13>    |   18.174|
resetn         |wdata_o<14>    |   18.670|
resetn         |wdata_o<15>    |   17.901|
resetn         |wdata_o<16>    |   18.811|
resetn         |wdata_o<17>    |   17.007|
resetn         |wdata_o<18>    |   17.685|
resetn         |wdata_o<19>    |   17.865|
resetn         |wdata_o<20>    |   19.718|
resetn         |wdata_o<21>    |   18.113|
resetn         |wdata_o<22>    |   20.871|
resetn         |wdata_o<23>    |   18.931|
resetn         |wdata_o<24>    |   18.119|
resetn         |wdata_o<25>    |   18.934|
resetn         |wdata_o<26>    |   18.394|
resetn         |wdata_o<27>    |   19.882|
resetn         |wdata_o<28>    |   20.684|
resetn         |wdata_o<29>    |   18.695|
resetn         |wdata_o<30>    |   21.112|
resetn         |wdata_o<31>    |   18.090|
wd_i<0>        |wd_o<0>        |   23.486|
wd_i<1>        |wd_o<1>        |   23.264|
wd_i<2>        |wd_o<2>        |   21.968|
wd_i<3>        |wd_o<3>        |   21.285|
wd_i<4>        |wd_o<4>        |   21.125|
wreg_i         |wreg_o         |   13.012|
---------------+---------------+---------+


Analysis completed Mon Mar 11 08:12:46 2019 
--------------------------------------------------------------------------------

Trace Settings:
-------------------------
Trace Settings 

Peak Memory Usage: 509 MB



